[+] Containers:
 |- [+] Container: /Game/ThirdPerson/Maps/ThirdPersonMap
 |   |- [+] ActorDescs:
 |   |   |- Guid:174DF71143EA367D14F3838C26CC06DF NativeClass:/Script/Engine.SkyLight Name:SkyLight_0 Label:SkyLight SpatiallyLoaded:false EditorBounds:IsValid=true, Min=(X=0.000 Y=0.000 Z=690.000), Max=(X=0.000 Y=0.000 Z=690.000) RuntimeBounds:IsValid=true, Min=(X=0.000 Y=0.000 Z=690.000), Max=(X=0.000 Y=0.000 Z=690.000) RuntimeGrid:None EditorOnly:false RuntimeOnly:false HLODRelevant:false ListedInSceneOutliner:true IsMainWorldOnly:false FolderPath:Lighting FolderGuid:08A10B054C95868C663DE39EE4343813
 |   |   |- Guid:1EBD2AEA4C274F6D83C4AEA71309A51A BaseClass:/Game/TurnBased/Foundational_Components/BP_BattlePositions.BP_BattlePositions_C NativeClass:/Script/Engine.Actor Name:BP_BattlePositions_C_UAID_6C240817BAAAF3BF02_2057514961 Label:BP_BattlePositions3 SpatiallyLoaded:true EditorBounds:IsValid=true, Min=(X=3220.000 Y=2220.000 Z=-20.000), Max=(X=3460.000 Y=2380.000 Z=140.000) RuntimeBounds:IsValid=true, Min=(X=3220.000 Y=2220.000 Z=-20.000), Max=(X=3460.000 Y=2380.000 Z=140.000) RuntimeGrid:None EditorOnly:false RuntimeOnly:false HLODRelevant:false ListedInSceneOutliner:true IsMainWorldOnly:false
 |   |   |- Guid:21DE937945F7B4F9D5311CAEF95BD151 BaseClass:/Game/TurnBased/Foundational_Components/BP_BattlePositions.BP_BattlePositions_C NativeClass:/Script/Engine.Actor Name:BP_BattlePositions_C_UAID_6C240817BAAAF4BF02_1088215140 Label:BP_BattlePositions6 SpatiallyLoaded:true EditorBounds:IsValid=true, Min=(X=2590.000 Y=2220.000 Z=-20.000), Max=(X=2830.000 Y=2380.000 Z=140.000) RuntimeBounds:IsValid=true, Min=(X=2590.000 Y=2220.000 Z=-20.000), Max=(X=2830.000 Y=2380.000 Z=140.000) RuntimeGrid:None EditorOnly:false RuntimeOnly:false HLODRelevant:false ListedInSceneOutliner:true IsMainWorldOnly:false
 |   |   |- Guid:4F7B735A44E12B4B031927A9FC21C460 NativeClass:/Script/Engine.VolumetricCloud Name:VolumetricCloud_1 Label:VolumetricCloud SpatiallyLoaded:false EditorBounds:IsValid=true, Min=(X=0.000 Y=0.000 Z=820.000), Max=(X=0.000 Y=0.000 Z=820.000) RuntimeBounds:IsValid=true, Min=(X=0.000 Y=0.000 Z=820.000), Max=(X=0.000 Y=0.000 Z=820.000) RuntimeGrid:None EditorOnly:false RuntimeOnly:false HLODRelevant:false ListedInSceneOutliner:true IsMainWorldOnly:false FolderPath:Lighting FolderGuid:08A10B054C95868C663DE39EE4343813
 |   |   |- Guid:5C7C5C40408F48C386D06CA03AB130C2 NativeClass:/Script/Engine.StaticMeshActor Name:StaticMeshActor_UAID_A4AE111137DC5EFB00_1594956423 Label:SM_SkySphere SpatiallyLoaded:false EditorBounds:IsValid=true, Min=(X=-1638400.000 Y=-1638400.000 Z=-1638400.000), Max=(X=1638400.000 Y=1638400.000 Z=1638400.000) RuntimeBounds:IsValid=true, Min=(X=-1638400.000 Y=-1638400.000 Z=-1638400.000), Max=(X=1638400.000 Y=1638400.000 Z=1638400.000) RuntimeGrid:None EditorOnly:false RuntimeOnly:false HLODRelevant:true ListedInSceneOutliner:true IsMainWorldOnly:false FolderPath:Lighting FolderGuid:08A10B054C95868C663DE39EE4343813
 |   |   |- Guid:664A87DA48B6EE38C0ACEA9AEDBA4BA0 NativeClass:/Script/Engine.TextRenderActor Name:TextRenderActor_1 Label:TextRenderActor SpatiallyLoaded:true EditorBounds:IsValid=true, Min=(X=-0.100 Y=1100.000 Z=65.013), Max=(X=-0.100 Y=2392.308 Z=215.013) RuntimeBounds:IsValid=true, Min=(X=-0.100 Y=1100.000 Z=65.013), Max=(X=-0.100 Y=2392.308 Z=215.013) RuntimeGrid:None EditorOnly:false RuntimeOnly:false HLODRelevant:false ListedInSceneOutliner:true IsMainWorldOnly:false
 |   |   |- Guid:770E77A14E9D43E41727EBAA166643E3 BaseClass:/Game/TurnBased/Foundational_Components/BP_BattlePositions.BP_BattlePositions_C NativeClass:/Script/Engine.Actor Name:BP_BattlePositions_C_UAID_6C240817BAAAF3BF02_2050258959 Label:BP_BattlePositions SpatiallyLoaded:true EditorBounds:IsValid=true, Min=(X=3220.000 Y=1640.000 Z=-20.000), Max=(X=3460.000 Y=1800.000 Z=140.000) RuntimeBounds:IsValid=true, Min=(X=3220.000 Y=1640.000 Z=-20.000), Max=(X=3460.000 Y=1800.000 Z=140.000) RuntimeGrid:None EditorOnly:false RuntimeOnly:false HLODRelevant:false ListedInSceneOutliner:true IsMainWorldOnly:false
 |   |   |- Guid:788903924598EC8109F9709A8AB41C0D NativeClass:/Script/Engine.WorldDataLayers Name:WorldDataLayers Label:WorldDataLayers-1 SpatiallyLoaded:false EditorBounds:IsValid=true, Min=(X=0.000 Y=0.000 Z=0.000), Max=(X=0.000 Y=0.000 Z=0.000) RuntimeBounds:IsValid=true, Min=(X=0.000 Y=0.000 Z=0.000), Max=(X=0.000 Y=0.000 Z=0.000) RuntimeGrid:None EditorOnly:false RuntimeOnly:false HLODRelevant:false ListedInSceneOutliner:true IsMainWorldOnly:true
 |   |   |- Guid:7A2F0F234EBABF7FE233EA953CB53D76 BaseClass:/Game/TurnBased/Foundational_Components/BP_BattlePositions.BP_BattlePositions_C NativeClass:/Script/Engine.Actor Name:BP_BattlePositions_C_UAID_6C240817BAAAF3BF02_2056104960 Label:BP_BattlePositions2 SpatiallyLoaded:true EditorBounds:IsValid=true, Min=(X=3220.000 Y=1945.380 Z=-20.000), Max=(X=3460.000 Y=2105.380 Z=140.000) RuntimeBounds:IsValid=true, Min=(X=3220.000 Y=1945.380 Z=-20.000), Max=(X=3460.000 Y=2105.380 Z=140.000) RuntimeGrid:None EditorOnly:false RuntimeOnly:false HLODRelevant:false ListedInSceneOutliner:true IsMainWorldOnly:false
 |   |   |- Guid:8D6297CD4C913136CE5ED685CE189998 NativeClass:/Script/NavigationSystem.NavMeshBoundsVolume Name:NavMeshBoundsVolume_UAID_6C240817BAAAC0D302_1281789103 Label:NavMeshBoundsVolume SpatiallyLoaded:false EditorBounds:IsValid=true, Min=(X=2300.000 Y=1190.000 Z=-260.000), Max=(X=3700.000 Y=2590.000 Z=1140.000) RuntimeBounds:IsValid=true, Min=(X=2300.000 Y=1190.000 Z=-260.000), Max=(X=3700.000 Y=2590.000 Z=1140.000) RuntimeGrid:None EditorOnly:false RuntimeOnly:false HLODRelevant:false ListedInSceneOutliner:true IsMainWorldOnly:false
 |   |   |- Guid:942DFDD74C34907D75C9BEBC3B84C0CE BaseClass:/Game/TurnBased/Foundational_Components/Camera_BP/BP_Dynamic_Camera.BP_Dynamic_Camera_C NativeClass:/Script/Engine.Actor Name:BP_Dynamic_Camera_C_UAID_6C240817BAAA89C602_1327402695 Label:BP_Dynamic_Camera SpatiallyLoaded:true EditorBounds:IsValid=true, Min=(X=1358.682 Y=1110.000 Z=-770.760), Max=(X=3378.682 Y=3130.000 Z=1249.240) RuntimeBounds:IsValid=true, Min=(X=2368.682 Y=2040.000 Z=90.000), Max=(X=2670.000 Y=2120.000 Z=239.240) RuntimeGrid:None EditorOnly:false RuntimeOnly:false HLODRelevant:false ListedInSceneOutliner:true IsMainWorldOnly:false
 |   |   |- Guid:99F36F70472866F0951B4E8A1A532BDE BaseClass:/Game/TurnBased/Foundational_Components/BP_BattlePositions.BP_BattlePositions_C NativeClass:/Script/Engine.Actor Name:BP_BattlePositions_C_UAID_6C240817BAAAF3BF02_2121759962 Label:BP_BattlePositions4 SpatiallyLoaded:true EditorBounds:IsValid=true, Min=(X=2590.000 Y=1640.000 Z=-20.000), Max=(X=2830.000 Y=1800.000 Z=140.000) RuntimeBounds:IsValid=true, Min=(X=2590.000 Y=1640.000 Z=-20.000), Max=(X=2830.000 Y=1800.000 Z=140.000) RuntimeGrid:None EditorOnly:false RuntimeOnly:false HLODRelevant:false ListedInSceneOutliner:true IsMainWorldOnly:false
 |   |   |- Guid:9FFE6665469AE829D82050A8B1F67178 NativeClass:/Script/Engine.DirectionalLight Name:DirectionalLight_1 Label:DirectionalLight SpatiallyLoaded:false EditorBounds:IsValid=true, Min=(X=-1048576.000 Y=-1048576.000 Z=-1048576.000), Max=(X=1048576.000 Y=1048576.000 Z=1048576.000) RuntimeBounds:IsValid=true, Min=(X=-1048576.000 Y=-1048576.000 Z=-1048576.000), Max=(X=1048576.000 Y=1048576.000 Z=1048576.000) RuntimeGrid:None EditorOnly:false RuntimeOnly:false HLODRelevant:false ListedInSceneOutliner:true IsMainWorldOnly:false FolderPath:Lighting FolderGuid:08A10B054C95868C663DE39EE4343813
 |   |   |- Guid:A85A7AD046A0462D176E6889992C1216 NativeClass:/Script/Engine.PostProcessVolume Name:PostProcessVolume_0 Label:PostProcessVolume SpatiallyLoaded:false EditorBounds:IsValid=true, Min=(X=0.000 Y=0.000 Z=400.000), Max=(X=200.000 Y=200.000 Z=600.000) RuntimeBounds:IsValid=true, Min=(X=0.000 Y=0.000 Z=400.000), Max=(X=200.000 Y=200.000 Z=600.000) RuntimeGrid:None EditorOnly:false RuntimeOnly:false HLODRelevant:false ListedInSceneOutliner:true IsMainWorldOnly:false FolderPath:Lighting FolderGuid:08A10B054C95868C663DE39EE4343813
 |   |   |- Guid:AD797CD445A30F959E709693D861E24A BaseClass:/Game/TurnBased/Foundational_Components/BP_BattlePositions.BP_BattlePositions_C NativeClass:/Script/Engine.Actor Name:BP_BattlePositions_C_UAID_6C240817BAAAF3BF02_2142842963 Label:BP_BattlePositions5 SpatiallyLoaded:true EditorBounds:IsValid=true, Min=(X=2590.000 Y=1945.000 Z=-20.000), Max=(X=2830.000 Y=2105.000 Z=140.000) RuntimeBounds:IsValid=true, Min=(X=2590.000 Y=1945.000 Z=-20.000), Max=(X=2830.000 Y=2105.000 Z=140.000) RuntimeGrid:None EditorOnly:false RuntimeOnly:false HLODRelevant:false ListedInSceneOutliner:true IsMainWorldOnly:false
 |   |   |- Guid:B23C247D4E34A96052E563A19E79FA75 NativeClass:/Script/Engine.ExponentialHeightFog Name:ExponentialHeightFog_1 Label:ExponentialHeightFog SpatiallyLoaded:false EditorBounds:IsValid=true, Min=(X=-5600.000 Y=-50.000 Z=-6850.000), Max=(X=-5600.000 Y=-50.000 Z=-6850.000) RuntimeBounds:IsValid=true, Min=(X=-5600.000 Y=-50.000 Z=-6850.000), Max=(X=-5600.000 Y=-50.000 Z=-6850.000) RuntimeGrid:None EditorOnly:false RuntimeOnly:false HLODRelevant:false ListedInSceneOutliner:true IsMainWorldOnly:false FolderPath:Lighting FolderGuid:08A10B054C95868C663DE39EE4343813
 |   |   |- Guid:BD430F5245E33ECC56F7628FBABC5D84 NativeClass:/Script/Engine.StaticMeshActor Name:StaticMeshActor_33 Label:SM_Cube SpatiallyLoaded:true EditorBounds:IsValid=true, Min=(X=0.000 Y=0.000 Z=-50.000), Max=(X=5000.000 Y=5000.000 Z=0.000) RuntimeBounds:IsValid=true, Min=(X=0.000 Y=0.000 Z=-50.000), Max=(X=5000.000 Y=5000.000 Z=0.000) RuntimeGrid:None EditorOnly:false RuntimeOnly:false HLODRelevant:true ListedInSceneOutliner:true IsMainWorldOnly:false FolderPath:Playground FolderGuid:8CD33C9A4E75AD59B95486AC740693D6
 |   |   |- Guid:C726A3284B806D4C379405885740B688 NativeClass:/Script/Engine.PlayerStart Name:PlayerStart_0 Label:PlayerStart SpatiallyLoaded:false EditorBounds:IsValid=true, Min=(X=860.000 Y=1070.000 Z=0.013), Max=(X=940.000 Y=1150.000 Z=184.013) RuntimeBounds:IsValid=true, Min=(X=860.000 Y=1070.000 Z=0.013), Max=(X=940.000 Y=1150.000 Z=184.013) RuntimeGrid:None EditorOnly:false RuntimeOnly:false HLODRelevant:false ListedInSceneOutliner:true IsMainWorldOnly:false
 |   |   |- Guid:C768943D43B1D4FCC4C0F098EBF7CAC9 NativeClass:/Script/Engine.StaticMeshActor Name:StaticMeshActor_36 Label:SM_Cube2 SpatiallyLoaded:true EditorBounds:IsValid=true, Min=(X=0.000 Y=0.000 Z=0.000), Max=(X=5000.000 Y=100.000 Z=400.000) RuntimeBounds:IsValid=true, Min=(X=0.000 Y=0.000 Z=0.000), Max=(X=5000.000 Y=100.000 Z=400.000) RuntimeGrid:None EditorOnly:false RuntimeOnly:false HLODRelevant:true ListedInSceneOutliner:true IsMainWorldOnly:false FolderPath:Playground FolderGuid:8CD33C9A4E75AD59B95486AC740693D6
 |   |   |- Guid:E08959694DC0A2653EDDBB9245D24E3B BaseClass:/Game/TurnBased/Foundational_Components/Camera_BP/Camera_Off_Shoulder_BP.Camera_Off_Shoulder_BP_C NativeClass:/Script/Engine.Actor Name:Camera_Off_Shoulder_BP_C_UAID_6C240817BAAAF7BF02_1865243663 Label:Camera_Off_Shoulder_BP SpatiallyLoaded:true EditorBounds:IsValid=true, Min=(X=1112.807 Y=1015.000 Z=-670.000), Max=(X=3132.807 Y=3035.000 Z=1350.000) RuntimeBounds:IsValid=true, Min=(X=2122.807 Y=2025.000 Z=120.000), Max=(X=2469.217 Y=2025.000 Z=340.000) RuntimeGrid:None EditorOnly:false RuntimeOnly:false HLODRelevant:false ListedInSceneOutliner:true IsMainWorldOnly:false
 |   |   |- Guid:E7C88B004DFFF4BE08155AB223A0EF2C NativeClass:/Script/Engine.SkyAtmosphere Name:SkyAtmosphere_1 Label:SkyAtmosphere SpatiallyLoaded:false EditorBounds:IsValid=true, Min=(X=0.000 Y=0.000 Z=1020.000), Max=(X=0.000 Y=0.000 Z=1020.000) RuntimeBounds:IsValid=true, Min=(X=0.000 Y=0.000 Z=1020.000), Max=(X=0.000 Y=0.000 Z=1020.000) RuntimeGrid:None EditorOnly:false RuntimeOnly:false HLODRelevant:false ListedInSceneOutliner:true IsMainWorldOnly:false FolderPath:Lighting FolderGuid:08A10B054C95868C663DE39EE4343813
 |   |   |- Guid:E9410D9040A64705C6AC14B0A99609E1 NativeClass:/Script/NavigationSystem.RecastNavMesh Name:RecastNavMesh_UAID_6C240817BAAAC0D302-Default Label:RecastNavMesh-Default SpatiallyLoaded:false EditorBounds:IsValid=true, Min=(X=0.000 Y=0.000 Z=0.000), Max=(X=0.000 Y=0.000 Z=0.000) RuntimeBounds:IsValid=true, Min=(X=0.000 Y=0.000 Z=0.000), Max=(X=0.000 Y=0.000 Z=0.000) RuntimeGrid:None EditorOnly:false RuntimeOnly:false HLODRelevant:false ListedInSceneOutliner:true IsMainWorldOnly:false
 |   |   |- Guid:ECF7DFF54DE28214A01D249B1B1CA773 NativeClass:/Script/Engine.StaticMeshActor Name:StaticMeshActor_42 Label:SM_Cube5 SpatiallyLoaded:true EditorBounds:IsValid=true, Min=(X=-0.000 Y=100.000 Z=0.000), Max=(X=100.000 Y=5100.000 Z=400.000) RuntimeBounds:IsValid=true, Min=(X=-0.000 Y=100.000 Z=0.000), Max=(X=100.000 Y=5100.000 Z=400.000) RuntimeGrid:None EditorOnly:false RuntimeOnly:false HLODRelevant:true ListedInSceneOutliner:true IsMainWorldOnly:false FolderPath:Playground FolderGuid:8CD33C9A4E75AD59B95486AC740693D6
 |   |   |- Guid:F6974391454BE3281D0A9AAB775EBFF6 NativeClass:/Script/Engine.StaticMeshActor Name:StaticMeshActor_43 Label:SM_Cube6 SpatiallyLoaded:true EditorBounds:IsValid=true, Min=(X=4890.000 Y=100.000 Z=0.000), Max=(X=4990.000 Y=5000.000 Z=400.000) RuntimeBounds:IsValid=true, Min=(X=4890.000 Y=100.000 Z=0.000), Max=(X=4990.000 Y=5000.000 Z=400.000) RuntimeGrid:None EditorOnly:false RuntimeOnly:false HLODRelevant:true ListedInSceneOutliner:true IsMainWorldOnly:false FolderPath:Playground FolderGuid:8CD33C9A4E75AD59B95486AC740693D6
 |   |   |- Guid:FC2659D1462E0C2787253D85D4D3D619 NativeClass:/Script/Engine.StaticMeshActor Name:StaticMeshActor_37 Label:SM_Cube3 SpatiallyLoaded:true EditorBounds:IsValid=true, Min=(X=-0.000 Y=5000.000 Z=0.000), Max=(X=5000.000 Y=5100.000 Z=400.000) RuntimeBounds:IsValid=true, Min=(X=-0.000 Y=5000.000 Z=0.000), Max=(X=5000.000 Y=5100.000 Z=400.000) RuntimeGrid:None EditorOnly:false RuntimeOnly:false HLODRelevant:true ListedInSceneOutliner:true IsMainWorldOnly:false FolderPath:Playground FolderGuid:8CD33C9A4E75AD59B95486AC740693D6
 |   |- [+] Clusters:
 |   |   |- [+] [  0]
 |   |   |   |- Guid:174DF71143EA367D14F3838C26CC06DF NativeClass:/Script/Engine.SkyLight Name:SkyLight_0 Label:SkyLight SpatiallyLoaded:false EditorBounds:IsValid=true, Min=(X=0.000 Y=0.000 Z=690.000), Max=(X=0.000 Y=0.000 Z=690.000) RuntimeBounds:IsValid=true, Min=(X=0.000 Y=0.000 Z=690.000), Max=(X=0.000 Y=0.000 Z=690.000) RuntimeGrid:None EditorOnly:false RuntimeOnly:false HLODRelevant:false ListedInSceneOutliner:true IsMainWorldOnly:false FolderPath:Lighting FolderGuid:08A10B054C95868C663DE39EE4343813
 |   |   |- [+] [  1]
 |   |   |   |- Guid:1EBD2AEA4C274F6D83C4AEA71309A51A BaseClass:/Game/TurnBased/Foundational_Components/BP_BattlePositions.BP_BattlePositions_C NativeClass:/Script/Engine.Actor Name:BP_BattlePositions_C_UAID_6C240817BAAAF3BF02_2057514961 Label:BP_BattlePositions3 SpatiallyLoaded:true EditorBounds:IsValid=true, Min=(X=3220.000 Y=2220.000 Z=-20.000), Max=(X=3460.000 Y=2380.000 Z=140.000) RuntimeBounds:IsValid=true, Min=(X=3220.000 Y=2220.000 Z=-20.000), Max=(X=3460.000 Y=2380.000 Z=140.000) RuntimeGrid:None EditorOnly:false RuntimeOnly:false HLODRelevant:false ListedInSceneOutliner:true IsMainWorldOnly:false
 |   |   |- [+] [  2]
 |   |   |   |- Guid:21DE937945F7B4F9D5311CAEF95BD151 BaseClass:/Game/TurnBased/Foundational_Components/BP_BattlePositions.BP_BattlePositions_C NativeClass:/Script/Engine.Actor Name:BP_BattlePositions_C_UAID_6C240817BAAAF4BF02_1088215140 Label:BP_BattlePositions6 SpatiallyLoaded:true EditorBounds:IsValid=true, Min=(X=2590.000 Y=2220.000 Z=-20.000), Max=(X=2830.000 Y=2380.000 Z=140.000) RuntimeBounds:IsValid=true, Min=(X=2590.000 Y=2220.000 Z=-20.000), Max=(X=2830.000 Y=2380.000 Z=140.000) RuntimeGrid:None EditorOnly:false RuntimeOnly:false HLODRelevant:false ListedInSceneOutliner:true IsMainWorldOnly:false
 |   |   |- [+] [  3]
 |   |   |   |- Guid:4F7B735A44E12B4B031927A9FC21C460 NativeClass:/Script/Engine.VolumetricCloud Name:VolumetricCloud_1 Label:VolumetricCloud SpatiallyLoaded:false EditorBounds:IsValid=true, Min=(X=0.000 Y=0.000 Z=820.000), Max=(X=0.000 Y=0.000 Z=820.000) RuntimeBounds:IsValid=true, Min=(X=0.000 Y=0.000 Z=820.000), Max=(X=0.000 Y=0.000 Z=820.000) RuntimeGrid:None EditorOnly:false RuntimeOnly:false HLODRelevant:false ListedInSceneOutliner:true IsMainWorldOnly:false FolderPath:Lighting FolderGuid:08A10B054C95868C663DE39EE4343813
 |   |   |- [+] [  4]
 |   |   |   |- Guid:5C7C5C40408F48C386D06CA03AB130C2 NativeClass:/Script/Engine.StaticMeshActor Name:StaticMeshActor_UAID_A4AE111137DC5EFB00_1594956423 Label:SM_SkySphere SpatiallyLoaded:false EditorBounds:IsValid=true, Min=(X=-1638400.000 Y=-1638400.000 Z=-1638400.000), Max=(X=1638400.000 Y=1638400.000 Z=1638400.000) RuntimeBounds:IsValid=true, Min=(X=-1638400.000 Y=-1638400.000 Z=-1638400.000), Max=(X=1638400.000 Y=1638400.000 Z=1638400.000) RuntimeGrid:None EditorOnly:false RuntimeOnly:false HLODRelevant:true ListedInSceneOutliner:true IsMainWorldOnly:false FolderPath:Lighting FolderGuid:08A10B054C95868C663DE39EE4343813
 |   |   |- [+] [  5]
 |   |   |   |- Guid:664A87DA48B6EE38C0ACEA9AEDBA4BA0 NativeClass:/Script/Engine.TextRenderActor Name:TextRenderActor_1 Label:TextRenderActor SpatiallyLoaded:true EditorBounds:IsValid=true, Min=(X=-0.100 Y=1100.000 Z=65.013), Max=(X=-0.100 Y=2392.308 Z=215.013) RuntimeBounds:IsValid=true, Min=(X=-0.100 Y=1100.000 Z=65.013), Max=(X=-0.100 Y=2392.308 Z=215.013) RuntimeGrid:None EditorOnly:false RuntimeOnly:false HLODRelevant:false ListedInSceneOutliner:true IsMainWorldOnly:false
 |   |   |- [+] [  6]
 |   |   |   |- Guid:770E77A14E9D43E41727EBAA166643E3 BaseClass:/Game/TurnBased/Foundational_Components/BP_BattlePositions.BP_BattlePositions_C NativeClass:/Script/Engine.Actor Name:BP_BattlePositions_C_UAID_6C240817BAAAF3BF02_2050258959 Label:BP_BattlePositions SpatiallyLoaded:true EditorBounds:IsValid=true, Min=(X=3220.000 Y=1640.000 Z=-20.000), Max=(X=3460.000 Y=1800.000 Z=140.000) RuntimeBounds:IsValid=true, Min=(X=3220.000 Y=1640.000 Z=-20.000), Max=(X=3460.000 Y=1800.000 Z=140.000) RuntimeGrid:None EditorOnly:false RuntimeOnly:false HLODRelevant:false ListedInSceneOutliner:true IsMainWorldOnly:false
 |   |   |- [+] [  7]
 |   |   |   |- Guid:788903924598EC8109F9709A8AB41C0D NativeClass:/Script/Engine.WorldDataLayers Name:WorldDataLayers Label:WorldDataLayers-1 SpatiallyLoaded:false EditorBounds:IsValid=true, Min=(X=0.000 Y=0.000 Z=0.000), Max=(X=0.000 Y=0.000 Z=0.000) RuntimeBounds:IsValid=true, Min=(X=0.000 Y=0.000 Z=0.000), Max=(X=0.000 Y=0.000 Z=0.000) RuntimeGrid:None EditorOnly:false RuntimeOnly:false HLODRelevant:false ListedInSceneOutliner:true IsMainWorldOnly:true
 |   |   |- [+] [  8]
 |   |   |   |- Guid:7A2F0F234EBABF7FE233EA953CB53D76 BaseClass:/Game/TurnBased/Foundational_Components/BP_BattlePositions.BP_BattlePositions_C NativeClass:/Script/Engine.Actor Name:BP_BattlePositions_C_UAID_6C240817BAAAF3BF02_2056104960 Label:BP_BattlePositions2 SpatiallyLoaded:true EditorBounds:IsValid=true, Min=(X=3220.000 Y=1945.380 Z=-20.000), Max=(X=3460.000 Y=2105.380 Z=140.000) RuntimeBounds:IsValid=true, Min=(X=3220.000 Y=1945.380 Z=-20.000), Max=(X=3460.000 Y=2105.380 Z=140.000) RuntimeGrid:None EditorOnly:false RuntimeOnly:false HLODRelevant:false ListedInSceneOutliner:true IsMainWorldOnly:false
 |   |   |- [+] [  9]
 |   |   |   |- Guid:8D6297CD4C913136CE5ED685CE189998 NativeClass:/Script/NavigationSystem.NavMeshBoundsVolume Name:NavMeshBoundsVolume_UAID_6C240817BAAAC0D302_1281789103 Label:NavMeshBoundsVolume SpatiallyLoaded:false EditorBounds:IsValid=true, Min=(X=2300.000 Y=1190.000 Z=-260.000), Max=(X=3700.000 Y=2590.000 Z=1140.000) RuntimeBounds:IsValid=true, Min=(X=2300.000 Y=1190.000 Z=-260.000), Max=(X=3700.000 Y=2590.000 Z=1140.000) RuntimeGrid:None EditorOnly:false RuntimeOnly:false HLODRelevant:false ListedInSceneOutliner:true IsMainWorldOnly:false
 |   |   |- [+] [ 10]
 |   |   |   |- Guid:942DFDD74C34907D75C9BEBC3B84C0CE BaseClass:/Game/TurnBased/Foundational_Components/Camera_BP/BP_Dynamic_Camera.BP_Dynamic_Camera_C NativeClass:/Script/Engine.Actor Name:BP_Dynamic_Camera_C_UAID_6C240817BAAA89C602_1327402695 Label:BP_Dynamic_Camera SpatiallyLoaded:true EditorBounds:IsValid=true, Min=(X=1358.682 Y=1110.000 Z=-770.760), Max=(X=3378.682 Y=3130.000 Z=1249.240) RuntimeBounds:IsValid=true, Min=(X=2368.682 Y=2040.000 Z=90.000), Max=(X=2670.000 Y=2120.000 Z=239.240) RuntimeGrid:None EditorOnly:false RuntimeOnly:false HLODRelevant:false ListedInSceneOutliner:true IsMainWorldOnly:false
 |   |   |- [+] [ 11]
 |   |   |   |- Guid:99F36F70472866F0951B4E8A1A532BDE BaseClass:/Game/TurnBased/Foundational_Components/BP_BattlePositions.BP_BattlePositions_C NativeClass:/Script/Engine.Actor Name:BP_BattlePositions_C_UAID_6C240817BAAAF3BF02_2121759962 Label:BP_BattlePositions4 SpatiallyLoaded:true EditorBounds:IsValid=true, Min=(X=2590.000 Y=1640.000 Z=-20.000), Max=(X=2830.000 Y=1800.000 Z=140.000) RuntimeBounds:IsValid=true, Min=(X=2590.000 Y=1640.000 Z=-20.000), Max=(X=2830.000 Y=1800.000 Z=140.000) RuntimeGrid:None EditorOnly:false RuntimeOnly:false HLODRelevant:false ListedInSceneOutliner:true IsMainWorldOnly:false
 |   |   |- [+] [ 12]
 |   |   |   |- Guid:9FFE6665469AE829D82050A8B1F67178 NativeClass:/Script/Engine.DirectionalLight Name:DirectionalLight_1 Label:DirectionalLight SpatiallyLoaded:false EditorBounds:IsValid=true, Min=(X=-1048576.000 Y=-1048576.000 Z=-1048576.000), Max=(X=1048576.000 Y=1048576.000 Z=1048576.000) RuntimeBounds:IsValid=true, Min=(X=-1048576.000 Y=-1048576.000 Z=-1048576.000), Max=(X=1048576.000 Y=1048576.000 Z=1048576.000) RuntimeGrid:None EditorOnly:false RuntimeOnly:false HLODRelevant:false ListedInSceneOutliner:true IsMainWorldOnly:false FolderPath:Lighting FolderGuid:08A10B054C95868C663DE39EE4343813
 |   |   |- [+] [ 13]
 |   |   |   |- Guid:A85A7AD046A0462D176E6889992C1216 NativeClass:/Script/Engine.PostProcessVolume Name:PostProcessVolume_0 Label:PostProcessVolume SpatiallyLoaded:false EditorBounds:IsValid=true, Min=(X=0.000 Y=0.000 Z=400.000), Max=(X=200.000 Y=200.000 Z=600.000) RuntimeBounds:IsValid=true, Min=(X=0.000 Y=0.000 Z=400.000), Max=(X=200.000 Y=200.000 Z=600.000) RuntimeGrid:None EditorOnly:false RuntimeOnly:false HLODRelevant:false ListedInSceneOutliner:true IsMainWorldOnly:false FolderPath:Lighting FolderGuid:08A10B054C95868C663DE39EE4343813
 |   |   |- [+] [ 14]
 |   |   |   |- Guid:AD797CD445A30F959E709693D861E24A BaseClass:/Game/TurnBased/Foundational_Components/BP_BattlePositions.BP_BattlePositions_C NativeClass:/Script/Engine.Actor Name:BP_BattlePositions_C_UAID_6C240817BAAAF3BF02_2142842963 Label:BP_BattlePositions5 SpatiallyLoaded:true EditorBounds:IsValid=true, Min=(X=2590.000 Y=1945.000 Z=-20.000), Max=(X=2830.000 Y=2105.000 Z=140.000) RuntimeBounds:IsValid=true, Min=(X=2590.000 Y=1945.000 Z=-20.000), Max=(X=2830.000 Y=2105.000 Z=140.000) RuntimeGrid:None EditorOnly:false RuntimeOnly:false HLODRelevant:false ListedInSceneOutliner:true IsMainWorldOnly:false
 |   |   |- [+] [ 15]
 |   |   |   |- Guid:B23C247D4E34A96052E563A19E79FA75 NativeClass:/Script/Engine.ExponentialHeightFog Name:ExponentialHeightFog_1 Label:ExponentialHeightFog SpatiallyLoaded:false EditorBounds:IsValid=true, Min=(X=-5600.000 Y=-50.000 Z=-6850.000), Max=(X=-5600.000 Y=-50.000 Z=-6850.000) RuntimeBounds:IsValid=true, Min=(X=-5600.000 Y=-50.000 Z=-6850.000), Max=(X=-5600.000 Y=-50.000 Z=-6850.000) RuntimeGrid:None EditorOnly:false RuntimeOnly:false HLODRelevant:false ListedInSceneOutliner:true IsMainWorldOnly:false FolderPath:Lighting FolderGuid:08A10B054C95868C663DE39EE4343813
 |   |   |- [+] [ 16]
 |   |   |   |- Guid:BD430F5245E33ECC56F7628FBABC5D84 NativeClass:/Script/Engine.StaticMeshActor Name:StaticMeshActor_33 Label:SM_Cube SpatiallyLoaded:true EditorBounds:IsValid=true, Min=(X=0.000 Y=0.000 Z=-50.000), Max=(X=5000.000 Y=5000.000 Z=0.000) RuntimeBounds:IsValid=true, Min=(X=0.000 Y=0.000 Z=-50.000), Max=(X=5000.000 Y=5000.000 Z=0.000) RuntimeGrid:None EditorOnly:false RuntimeOnly:false HLODRelevant:true ListedInSceneOutliner:true IsMainWorldOnly:false FolderPath:Playground FolderGuid:8CD33C9A4E75AD59B95486AC740693D6
 |   |   |- [+] [ 17]
 |   |   |   |- Guid:C726A3284B806D4C379405885740B688 NativeClass:/Script/Engine.PlayerStart Name:PlayerStart_0 Label:PlayerStart SpatiallyLoaded:false EditorBounds:IsValid=true, Min=(X=860.000 Y=1070.000 Z=0.013), Max=(X=940.000 Y=1150.000 Z=184.013) RuntimeBounds:IsValid=true, Min=(X=860.000 Y=1070.000 Z=0.013), Max=(X=940.000 Y=1150.000 Z=184.013) RuntimeGrid:None EditorOnly:false RuntimeOnly:false HLODRelevant:false ListedInSceneOutliner:true IsMainWorldOnly:false
 |   |   |- [+] [ 18]
 |   |   |   |- Guid:C768943D43B1D4FCC4C0F098EBF7CAC9 NativeClass:/Script/Engine.StaticMeshActor Name:StaticMeshActor_36 Label:SM_Cube2 SpatiallyLoaded:true EditorBounds:IsValid=true, Min=(X=0.000 Y=0.000 Z=0.000), Max=(X=5000.000 Y=100.000 Z=400.000) RuntimeBounds:IsValid=true, Min=(X=0.000 Y=0.000 Z=0.000), Max=(X=5000.000 Y=100.000 Z=400.000) RuntimeGrid:None EditorOnly:false RuntimeOnly:false HLODRelevant:true ListedInSceneOutliner:true IsMainWorldOnly:false FolderPath:Playground FolderGuid:8CD33C9A4E75AD59B95486AC740693D6
 |   |   |- [+] [ 19]
 |   |   |   |- Guid:E08959694DC0A2653EDDBB9245D24E3B BaseClass:/Game/TurnBased/Foundational_Components/Camera_BP/Camera_Off_Shoulder_BP.Camera_Off_Shoulder_BP_C NativeClass:/Script/Engine.Actor Name:Camera_Off_Shoulder_BP_C_UAID_6C240817BAAAF7BF02_1865243663 Label:Camera_Off_Shoulder_BP SpatiallyLoaded:true EditorBounds:IsValid=true, Min=(X=1112.807 Y=1015.000 Z=-670.000), Max=(X=3132.807 Y=3035.000 Z=1350.000) RuntimeBounds:IsValid=true, Min=(X=2122.807 Y=2025.000 Z=120.000), Max=(X=2469.217 Y=2025.000 Z=340.000) RuntimeGrid:None EditorOnly:false RuntimeOnly:false HLODRelevant:false ListedInSceneOutliner:true IsMainWorldOnly:false
 |   |   |- [+] [ 20]
 |   |   |   |- Guid:E7C88B004DFFF4BE08155AB223A0EF2C NativeClass:/Script/Engine.SkyAtmosphere Name:SkyAtmosphere_1 Label:SkyAtmosphere SpatiallyLoaded:false EditorBounds:IsValid=true, Min=(X=0.000 Y=0.000 Z=1020.000), Max=(X=0.000 Y=0.000 Z=1020.000) RuntimeBounds:IsValid=true, Min=(X=0.000 Y=0.000 Z=1020.000), Max=(X=0.000 Y=0.000 Z=1020.000) RuntimeGrid:None EditorOnly:false RuntimeOnly:false HLODRelevant:false ListedInSceneOutliner:true IsMainWorldOnly:false FolderPath:Lighting FolderGuid:08A10B054C95868C663DE39EE4343813
 |   |   |- [+] [ 21]
 |   |   |   |- Guid:E9410D9040A64705C6AC14B0A99609E1 NativeClass:/Script/NavigationSystem.RecastNavMesh Name:RecastNavMesh_UAID_6C240817BAAAC0D302-Default Label:RecastNavMesh-Default SpatiallyLoaded:false EditorBounds:IsValid=true, Min=(X=0.000 Y=0.000 Z=0.000), Max=(X=0.000 Y=0.000 Z=0.000) RuntimeBounds:IsValid=true, Min=(X=0.000 Y=0.000 Z=0.000), Max=(X=0.000 Y=0.000 Z=0.000) RuntimeGrid:None EditorOnly:false RuntimeOnly:false HLODRelevant:false ListedInSceneOutliner:true IsMainWorldOnly:false
 |   |   |- [+] [ 22]
 |   |   |   |- Guid:ECF7DFF54DE28214A01D249B1B1CA773 NativeClass:/Script/Engine.StaticMeshActor Name:StaticMeshActor_42 Label:SM_Cube5 SpatiallyLoaded:true EditorBounds:IsValid=true, Min=(X=-0.000 Y=100.000 Z=0.000), Max=(X=100.000 Y=5100.000 Z=400.000) RuntimeBounds:IsValid=true, Min=(X=-0.000 Y=100.000 Z=0.000), Max=(X=100.000 Y=5100.000 Z=400.000) RuntimeGrid:None EditorOnly:false RuntimeOnly:false HLODRelevant:true ListedInSceneOutliner:true IsMainWorldOnly:false FolderPath:Playground FolderGuid:8CD33C9A4E75AD59B95486AC740693D6
 |   |   |- [+] [ 23]
 |   |   |   |- Guid:F6974391454BE3281D0A9AAB775EBFF6 NativeClass:/Script/Engine.StaticMeshActor Name:StaticMeshActor_43 Label:SM_Cube6 SpatiallyLoaded:true EditorBounds:IsValid=true, Min=(X=4890.000 Y=100.000 Z=0.000), Max=(X=4990.000 Y=5000.000 Z=400.000) RuntimeBounds:IsValid=true, Min=(X=4890.000 Y=100.000 Z=0.000), Max=(X=4990.000 Y=5000.000 Z=400.000) RuntimeGrid:None EditorOnly:false RuntimeOnly:false HLODRelevant:true ListedInSceneOutliner:true IsMainWorldOnly:false FolderPath:Playground FolderGuid:8CD33C9A4E75AD59B95486AC740693D6
 |   |   |- [+] [ 24]
 |   |   |   |- Guid:FC2659D1462E0C2787253D85D4D3D619 NativeClass:/Script/Engine.StaticMeshActor Name:StaticMeshActor_37 Label:SM_Cube3 SpatiallyLoaded:true EditorBounds:IsValid=true, Min=(X=-0.000 Y=5000.000 Z=0.000), Max=(X=5000.000 Y=5100.000 Z=400.000) RuntimeBounds:IsValid=true, Min=(X=-0.000 Y=5000.000 Z=0.000), Max=(X=5000.000 Y=5100.000 Z=400.000) RuntimeGrid:None EditorOnly:false RuntimeOnly:false HLODRelevant:true ListedInSceneOutliner:true IsMainWorldOnly:false FolderPath:Playground FolderGuid:8CD33C9A4E75AD59B95486AC740693D6
 |- ContainerInstances:
 |- [+] MainContainer:
 |   |-        ID: 00000000000000000000000000000000
 |   |-  ParentID: 00000000000000000000000000000000
 |   |-    Bounds: IsValid=false, Min=(X=0.000 Y=0.000 Z=0.000), Max=(X=0.000 Y=0.000 Z=0.000)
 |   |- Transform: 0.000000,0.000000,0.000000|0.000000,0.000000,-0.000000|1.000000,1.000000,1.000000
 |   |- Container: /Game/ThirdPerson/Maps/ThirdPersonMap
----------------------------------------------------------------------------------------------------------------
ThirdPersonMap - Persistent Level
----------------------------------------------------------------------------------------------------------------
[+] Content of ThirdPersonMap Persistent Level
 |- Always loaded Actor Count: 25 
 |- Actor Path: /Game/ThirdPerson/Maps/ThirdPersonMap.ThirdPersonMap:PersistentLevel.BP_BattlePositions_C_UAID_6C240817BAAAF3BF02_2050258959
 |- Actor Package: /Game/__ExternalActors__/ThirdPerson/Maps/ThirdPersonMap/8/JD/7R7ONNS698OGSB407QTKWP
 |- Actor Path: /Game/ThirdPerson/Maps/ThirdPersonMap.ThirdPersonMap:PersistentLevel.BP_BattlePositions_C_UAID_6C240817BAAAF3BF02_2056104960
 |- Actor Package: /Game/__ExternalActors__/ThirdPerson/Maps/ThirdPersonMap/4/TD/DKEZKQDKM727WNBJ743VJH
 |- Actor Path: /Game/ThirdPerson/Maps/ThirdPersonMap.ThirdPersonMap:PersistentLevel.BP_BattlePositions_C_UAID_6C240817BAAAF3BF02_2057514961
 |- Actor Package: /Game/__ExternalActors__/ThirdPerson/Maps/ThirdPersonMap/4/YQ/7EFD3DV3NJV5TH71G2487N
 |- Actor Path: /Game/ThirdPerson/Maps/ThirdPersonMap.ThirdPersonMap:PersistentLevel.BP_BattlePositions_C_UAID_6C240817BAAAF3BF02_2121759962
 |- Actor Package: /Game/__ExternalActors__/ThirdPerson/Maps/ThirdPersonMap/1/EM/77SCG1TWPPGJOIUZ1OKUZ1
 |- Actor Path: /Game/ThirdPerson/Maps/ThirdPersonMap.ThirdPersonMap:PersistentLevel.BP_BattlePositions_C_UAID_6C240817BAAAF3BF02_2142842963
 |- Actor Package: /Game/__ExternalActors__/ThirdPerson/Maps/ThirdPersonMap/A/D9/IOLSQ9LRKH2LNMVI1Y3HT8
 |- Actor Path: /Game/ThirdPerson/Maps/ThirdPersonMap.ThirdPersonMap:PersistentLevel.BP_BattlePositions_C_UAID_6C240817BAAAF4BF02_1088215140
 |- Actor Package: /Game/__ExternalActors__/ThirdPerson/Maps/ThirdPersonMap/9/NG/U7VQUEB6QLL42FEG37GPIC
 |- Actor Path: /Game/ThirdPerson/Maps/ThirdPersonMap.ThirdPersonMap:PersistentLevel.BP_Dynamic_Camera_C_UAID_6C240817BAAA89C602_1327402695
 |- Actor Package: /Game/__ExternalActors__/ThirdPerson/Maps/ThirdPersonMap/C/6Q/KEB28QKZXG9SBVQD9ZLZF2
 |- Actor Path: /Game/ThirdPerson/Maps/ThirdPersonMap.ThirdPersonMap:PersistentLevel.Camera_Off_Shoulder_BP_C_UAID_6C240817BAAAF7BF02_1865243663
 |- Actor Package: /Game/__ExternalActors__/ThirdPerson/Maps/ThirdPersonMap/0/KR/L41SKWAKGC58H8C5IP48U8
 |- Actor Path: /Game/ThirdPerson/Maps/ThirdPersonMap.ThirdPersonMap:PersistentLevel.DirectionalLight_1
 |- Actor Package: /Game/__ExternalActors__/ThirdPerson/Maps/ThirdPersonMap/1/EJ/PGUWWHRTS59S34GKBX0OUI
 |- Actor Path: /Game/ThirdPerson/Maps/ThirdPersonMap.ThirdPersonMap:PersistentLevel.ExponentialHeightFog_1
 |- Actor Package: /Game/__ExternalActors__/ThirdPerson/Maps/ThirdPersonMap/B/KW/9YH18EUCJFK5CZXL6H3W3R
 |- Actor Path: /Game/ThirdPerson/Maps/ThirdPersonMap.ThirdPersonMap:PersistentLevel.NavMeshBoundsVolume_UAID_6C240817BAAAC0D302_1281789103
 |- Actor Package: /Game/__ExternalActors__/ThirdPerson/Maps/ThirdPersonMap/1/H4/HHKP5AYKA5HO5T8997EAX7
 |- Actor Path: /Game/ThirdPerson/Maps/ThirdPersonMap.ThirdPersonMap:PersistentLevel.PlayerStart_0
 |- Actor Package: /Game/__ExternalActors__/ThirdPerson/Maps/ThirdPersonMap/D/DE/SWSI13675DVYIZ0N4NF7Y3
 |- Actor Path: /Game/ThirdPerson/Maps/ThirdPersonMap.ThirdPersonMap:PersistentLevel.PostProcessVolume_0
 |- Actor Package: /Game/__ExternalActors__/ThirdPerson/Maps/ThirdPersonMap/1/AZ/A7GPT109Y6ZTTJD4A7TXER
 |- Actor Path: /Game/ThirdPerson/Maps/ThirdPersonMap.ThirdPersonMap:PersistentLevel.RecastNavMesh_UAID_6C240817BAAAC0D302-Default
 |- Actor Package: /Game/__ExternalActors__/ThirdPerson/Maps/ThirdPersonMap/8/ZP/W3KD0FE2WXKLW1AQMDRDJG
 |- Actor Path: /Game/ThirdPerson/Maps/ThirdPersonMap.ThirdPersonMap:PersistentLevel.SkyAtmosphere_1
 |- Actor Package: /Game/__ExternalActors__/ThirdPerson/Maps/ThirdPersonMap/8/H9/GITN2HJQNERMM41FAE68W0
 |- Actor Path: /Game/ThirdPerson/Maps/ThirdPersonMap.ThirdPersonMap:PersistentLevel.SkyLight_0
 |- Actor Package: /Game/__ExternalActors__/ThirdPerson/Maps/ThirdPersonMap/6/NP/Z9EK2TXQ1TFO26WFZHWZII
 |- Actor Path: /Game/ThirdPerson/Maps/ThirdPersonMap.ThirdPersonMap:PersistentLevel.StaticMeshActor_33
 |- Actor Package: /Game/__ExternalActors__/ThirdPerson/Maps/ThirdPersonMap/6/HF/9H7TKAXH9DD8KI3TIXGI2I
 |- Actor Path: /Game/ThirdPerson/Maps/ThirdPersonMap.ThirdPersonMap:PersistentLevel.StaticMeshActor_36
 |- Actor Package: /Game/__ExternalActors__/ThirdPerson/Maps/ThirdPersonMap/3/HE/U35NZS5A9W1UXP1E3FF2GW
 |- Actor Path: /Game/ThirdPerson/Maps/ThirdPersonMap.ThirdPersonMap:PersistentLevel.StaticMeshActor_37
 |- Actor Package: /Game/__ExternalActors__/ThirdPerson/Maps/ThirdPersonMap/9/MO/72II2GSLK9VS0ULW9SACWH
 |- Actor Path: /Game/ThirdPerson/Maps/ThirdPersonMap.ThirdPersonMap:PersistentLevel.StaticMeshActor_42
 |- Actor Package: /Game/__ExternalActors__/ThirdPerson/Maps/ThirdPersonMap/C/0I/VIQQWOEJKSKV1EK1XGX3EY
 |- Actor Path: /Game/ThirdPerson/Maps/ThirdPersonMap.ThirdPersonMap:PersistentLevel.StaticMeshActor_43
 |- Actor Package: /Game/__ExternalActors__/ThirdPerson/Maps/ThirdPersonMap/9/CI/KST702KSCRZWYV56G3VJBD
 |- Actor Path: /Game/ThirdPerson/Maps/ThirdPersonMap.ThirdPersonMap:PersistentLevel.StaticMeshActor_UAID_A4AE111137DC5EFB00_1594956423
 |- Actor Package: /Game/__ExternalActors__/ThirdPerson/Maps/ThirdPersonMap/3/OG/KDQDMXAXZXD8VLDDU4K3JL
 |- Actor Path: /Game/ThirdPerson/Maps/ThirdPersonMap.ThirdPersonMap:PersistentLevel.TextRenderActor_1
 |- Actor Package: /Game/__ExternalActors__/ThirdPerson/Maps/ThirdPersonMap/1/WU/NB37RT5Q32Z8MJWD8BD2SO
 |- Actor Path: /Game/ThirdPerson/Maps/ThirdPersonMap.ThirdPersonMap:PersistentLevel.VolumetricCloud_1
 |- Actor Package: /Game/__ExternalActors__/ThirdPerson/Maps/ThirdPersonMap/2/66/0OP5U85W4H0R7CHG999ZDN
 |- Actor Path: /Game/ThirdPerson/Maps/ThirdPersonMap.ThirdPersonMap:PersistentLevel.WorldDataLayers
 |- Actor Package: /Game/__ExternalActors__/ThirdPerson/Maps/ThirdPersonMap/0/43/HYQWORMY4JDQ5X3OKZXFLC

----------------------------------------------------------------------------------------------------------------
ThirdPersonMap - Runtime Hash Set
----------------------------------------------------------------------------------------------------------------

